EN alu1 NULL /vol/fob-vol7/mi18/heinetom/dslab1.git/rw/alu1.vhd sub00/vhpl06 1559044321
EN alu4 NULL /vol/fob-vol7/mi18/heinetom/dslab1.git/rw/alu4.vhd sub00/vhpl08 1559044323
EN rw4 NULL /vol/fob-vol7/mi18/heinetom/dslab1.git/rw/rw4.vhd sub00/vhpl18 1559044335
EN mux4 NULL /vol/fob-vol7/mi18/heinetom/dslab1.git/rw/mux4.vhd sub00/vhpl14 1559044329
EN flagdec4 NULL /vol/fob-vol7/mi18/heinetom/dslab1.git/rw/flagdec4.vhd sub00/vhpl10 1559044325
AR mux4 behavioral /vol/fob-vol7/mi18/heinetom/dslab1.git/rw/mux4.vhd sub00/vhpl15 1559044330
AR rw4 behavioral /vol/fob-vol7/mi18/heinetom/dslab1.git/rw/rw4.vhd sub00/vhpl19 1559044336
EN alu4flag NULL /vol/fob-vol7/mi18/heinetom/dslab1.git/rw/alu4flag.vhd sub00/vhpl12 1559044327
AR alu4flag behavioral /vol/fob-vol7/mi18/heinetom/dslab1.git/rw/alu4flag.vhd sub00/vhpl13 1559044328
AR alu1 behavioral /vol/fob-vol7/mi18/heinetom/dslab1.git/rw/alu1.vhd sub00/vhpl07 1559044322
AR alu1generate behavioral /vol/fob-vol7/mi18/heinetom/dslab1.git/rw/alu1generate.vhd sub00/vhpl03 1559044318
EN ram4 NULL /vol/fob-vol7/mi18/heinetom/dslab1.git/rw/ram4.vhd sub00/vhpl16 1559044333
AR reg4 behavioral /vol/fob-vol7/mi18/heinetom/dslab1.git/rw/reg4.vhd sub00/vhpl01 1559044332
EN alu1propagate NULL /vol/fob-vol7/mi18/heinetom/dslab1.git/rw/alu1propagate.vhd sub00/vhpl04 1559044319
AR flagdec4 behavioral /vol/fob-vol7/mi18/heinetom/dslab1.git/rw/flagdec4.vhd sub00/vhpl11 1559044326
AR alu1propagate behavioral /vol/fob-vol7/mi18/heinetom/dslab1.git/rw/alu1propagate.vhd sub00/vhpl05 1559044320
AR alu4 behavioral /vol/fob-vol7/mi18/heinetom/dslab1.git/rw/alu4.vhd sub00/vhpl09 1559044324
EN reg4 NULL /vol/fob-vol7/mi18/heinetom/dslab1.git/rw/reg4.vhd sub00/vhpl00 1559044331
EN alu1generate NULL /vol/fob-vol7/mi18/heinetom/dslab1.git/rw/alu1generate.vhd sub00/vhpl02 1559044317
AR ram4 behavioral /vol/fob-vol7/mi18/heinetom/dslab1.git/rw/ram4.vhd sub00/vhpl17 1559044334
