EN alu1 NULL /vol/fob-vol7/mi18/heinetom/dslab1.git/rw/alu1.vhd sub00/vhpl06 1558698406
EN alu4 NULL /vol/fob-vol7/mi18/heinetom/dslab1.git/rw/alu4.vhd sub00/vhpl08 1558698408
EN rw4 NULL /vol/fob-vol7/mi18/heinetom/dslab1.git/rw/rw4.vhd sub00/vhpl18 1558698420
EN mux4 NULL /vol/fob-vol7/mi18/heinetom/dslab1.git/rw/mux4.vhd sub00/vhpl14 1558698414
EN flagdec4 NULL /vol/fob-vol7/mi18/heinetom/dslab1.git/rw/flagdec4.vhd sub00/vhpl10 1558698410
AR mux4 behavioral /vol/fob-vol7/mi18/heinetom/dslab1.git/rw/mux4.vhd sub00/vhpl15 1558698415
AR rw4 behavioral /vol/fob-vol7/mi18/heinetom/dslab1.git/rw/rw4.vhd sub00/vhpl19 1558698421
EN alu4flag NULL /vol/fob-vol7/mi18/heinetom/dslab1.git/rw/alu4flag.vhd sub00/vhpl12 1558698412
AR alu4flag behavioral /vol/fob-vol7/mi18/heinetom/dslab1.git/rw/alu4flag.vhd sub00/vhpl13 1558698413
AR alu1 behavioral /vol/fob-vol7/mi18/heinetom/dslab1.git/rw/alu1.vhd sub00/vhpl07 1558698407
AR alu1generate behavioral /vol/fob-vol7/mi18/heinetom/dslab1.git/rw/alu1generate.vhd sub00/vhpl03 1558698403
EN ram4 NULL /vol/fob-vol7/mi18/heinetom/dslab1.git/rw/ram4.vhd sub00/vhpl16 1558698418
AR reg4 behavioral /vol/fob-vol7/mi18/heinetom/dslab1.git/rw/reg4.vhd sub00/vhpl01 1558698417
EN alu1propagate NULL /vol/fob-vol7/mi18/heinetom/dslab1.git/rw/alu1propagate.vhd sub00/vhpl04 1558698404
AR flagdec4 behavioral /vol/fob-vol7/mi18/heinetom/dslab1.git/rw/flagdec4.vhd sub00/vhpl11 1558698411
AR alu1propagate behavioral /vol/fob-vol7/mi18/heinetom/dslab1.git/rw/alu1propagate.vhd sub00/vhpl05 1558698405
AR alu4 behavioral /vol/fob-vol7/mi18/heinetom/dslab1.git/rw/alu4.vhd sub00/vhpl09 1558698409
EN reg4 NULL /vol/fob-vol7/mi18/heinetom/dslab1.git/rw/reg4.vhd sub00/vhpl00 1558698416
EN alu1generate NULL /vol/fob-vol7/mi18/heinetom/dslab1.git/rw/alu1generate.vhd sub00/vhpl02 1558698402
AR ram4 behavioral /vol/fob-vol7/mi18/heinetom/dslab1.git/rw/ram4.vhd sub00/vhpl17 1558698419
