EN alu1 NULL /vol/fob-vol7/mi18/heinetom/dslab/alu4/alu1.vhd sub00/vhpl04 1557933257
EN alu4 NULL /vol/fob-vol7/mi18/heinetom/dslab/alu4/alu4.vhd sub00/vhpl06 1557933259
AR alu1generate behavioral /vol/fob-vol7/mi18/heinetom/dslab/alu4/alu1generate.vhd sub00/vhpl01 1557933254
AR alu4flag behavioral /vol/fob-vol7/mi18/heinetom/dslab/alu4/alu4flag.vhd sub00/vhpl11 1557933264
EN flagdec4 NULL /vol/fob-vol7/mi18/heinetom/dslab/alu4/flagdec4.vhd sub00/vhpl08 1557933261
AR alu1propagate behavioral /vol/fob-vol7/mi18/heinetom/dslab/alu4/alu1propagate.vhd sub00/vhpl03 1557933256
EN alu1generate NULL /vol/fob-vol7/mi18/heinetom/dslab/alu4/alu1generate.vhd sub00/vhpl00 1557933253
EN alu4flag NULL /vol/fob-vol7/mi18/heinetom/dslab/alu4/alu4flag.vhd sub00/vhpl10 1557933263
AR alu4 behavioral /vol/fob-vol7/mi18/heinetom/dslab/alu4/alu4.vhd sub00/vhpl07 1557933260
EN alu1propagate NULL /vol/fob-vol7/mi18/heinetom/dslab/alu4/alu1propagate.vhd sub00/vhpl02 1557933255
AR alu1 behavioral /vol/fob-vol7/mi18/heinetom/dslab/alu4/alu1.vhd sub00/vhpl05 1557933258
AR flagdec4 behavioral /vol/fob-vol7/mi18/heinetom/dslab/alu4/flagdec4.vhd sub00/vhpl09 1557933262
