V3 23
FL /vol/fob-vol7/mi18/heinetom/dslab/alu4/alu1.vhd 2019/05/10.14:08:29 P.68d
EN work/alu1 1557933257 FL /vol/fob-vol7/mi18/heinetom/dslab/alu4/alu1.vhd \
      PB ieee/std_logic_1164 1370735607
AR work/alu1/Behavioral 1557933258 \
      FL /vol/fob-vol7/mi18/heinetom/dslab/alu4/alu1.vhd EN work/alu1 1557933257 \
      CP alu1generate CP alu1propagate
FL /vol/fob-vol7/mi18/heinetom/dslab/alu4/alu1generate.vhd 2019/05/10.13:24:06 P.68d
EN work/alu1generate 1557933253 \
      FL /vol/fob-vol7/mi18/heinetom/dslab/alu4/alu1generate.vhd \
      PB ieee/std_logic_1164 1370735607
AR work/alu1generate/Behavioral 1557933254 \
      FL /vol/fob-vol7/mi18/heinetom/dslab/alu4/alu1generate.vhd \
      EN work/alu1generate 1557933253
FL /vol/fob-vol7/mi18/heinetom/dslab/alu4/alu1propagate.vhd 2019/05/10.11:17:06 P.68d
EN work/alu1propagate 1557933255 \
      FL /vol/fob-vol7/mi18/heinetom/dslab/alu4/alu1propagate.vhd \
      PB ieee/std_logic_1164 1370735607
AR work/alu1propagate/Behavioral 1557933256 \
      FL /vol/fob-vol7/mi18/heinetom/dslab/alu4/alu1propagate.vhd \
      EN work/alu1propagate 1557933255
FL /vol/fob-vol7/mi18/heinetom/dslab/alu4/alu4.vhd 2019/05/15.17:14:05 P.68d
EN work/alu4 1557933259 FL /vol/fob-vol7/mi18/heinetom/dslab/alu4/alu4.vhd \
      PB ieee/std_logic_1164 1370735607
AR work/alu4/Behavioral 1557933260 \
      FL /vol/fob-vol7/mi18/heinetom/dslab/alu4/alu4.vhd EN work/alu4 1557933259 \
      CP alu1
FL /vol/fob-vol7/mi18/heinetom/dslab/alu4/alu4flag.vhd 2019/05/10.15:57:54 P.68d
EN work/alu4flag 1557933263 \
      FL /vol/fob-vol7/mi18/heinetom/dslab/alu4/alu4flag.vhd \
      PB ieee/std_logic_1164 1370735607
AR work/alu4flag/Behavioral 1557933264 \
      FL /vol/fob-vol7/mi18/heinetom/dslab/alu4/alu4flag.vhd EN work/alu4flag 1557933263 \
      CP alu4 CP flagdec4
FL /vol/fob-vol7/mi18/heinetom/dslab/alu4/flagdec4.vhd 2019/05/10.16:41:35 P.68d
EN work/flagdec4 1557933261 \
      FL /vol/fob-vol7/mi18/heinetom/dslab/alu4/flagdec4.vhd \
      PB ieee/std_logic_1164 1370735607
AR work/flagdec4/Behavioral 1557933262 \
      FL /vol/fob-vol7/mi18/heinetom/dslab/alu4/flagdec4.vhd EN work/flagdec4 1557933261
