EN mux2_muser_mux4 NULL /vol/fob-vol7/mi18/heinetom/dslab/mux/mux4.vhf sub00/vhpl06 1556270685
AR mux4 behavioral /vol/fob-vol7/mi18/heinetom/dslab/mux/mux4.vhf sub00/vhpl09 1556270688
EN mux2 NULL /vol/fob-vol7/mi18/heinetom/dslab/mux/mux2.vhf sub00/vhpl10 1556270689
EN mux4 NULL /vol/fob-vol7/mi18/heinetom/dslab/mux/mux4.vhf sub00/vhpl08 1556270687
AR mux4_muser_board_mux4 behavioral /vol/fob-vol7/mi18/heinetom/dslab/mux/board_mux4.vhf sub00/vhpl03 1556270682
AR mux2 behavioral /vol/fob-vol7/mi18/heinetom/dslab/mux/mux2.vhf sub00/vhpl11 1556270690
EN mux4_muser_board_mux4 NULL /vol/fob-vol7/mi18/heinetom/dslab/mux/board_mux4.vhf sub00/vhpl02 1556270681
EN board_mux4 NULL /vol/fob-vol7/mi18/heinetom/dslab/mux/board_mux4.vhf sub00/vhpl04 1556270683
EN mux2_muser_board_mux4 NULL /vol/fob-vol7/mi18/heinetom/dslab/mux/board_mux4.vhf sub00/vhpl00 1556270679
AR board_mux4 behavioral /vol/fob-vol7/mi18/heinetom/dslab/mux/board_mux4.vhf sub00/vhpl05 1556270684
AR mux2_muser_board_mux4 behavioral /vol/fob-vol7/mi18/heinetom/dslab/mux/board_mux4.vhf sub00/vhpl01 1556270680
AR mux2_muser_mux4 behavioral /vol/fob-vol7/mi18/heinetom/dslab/mux/mux4.vhf sub00/vhpl07 1556270686
